2025-08-28 00:00:46 [http-nio-8080-exec-1] INFO  c.e.b.p.c.c.ProviderController - → [ProviderController] Solicitud para listar proveedores paginados | page=0 | size=5
2025-08-28 00:00:46 [http-nio-8080-exec-1] INFO  c.e.b.p.service.ProviderService - → [ProviderService] Iniciando recuperación de prestadores | página=0 | size=5
2025-08-28 00:00:46 [http-nio-8080-exec-7] INFO  c.e.b.config.security.JwtService - Token válido para el usuario [admin@admin.com]
2025-08-28 00:00:46 [http-nio-8080-exec-7] INFO  c.e.b.c.c.c.CategoryController - Petición recibida para listar todas las categorías
2025-08-28 00:00:46 [http-nio-8080-exec-7] INFO  c.e.b.c.service.CategoryService - Recuperando todas las categorías...
2025-08-28 00:00:46 [http-nio-8080-exec-7] INFO  c.e.b.c.s.i.GetAllCategories - → [GetAllCategories] Solicitud para obtener todas las categorías ordenadas por nombre
2025-08-28 00:00:46 [http-nio-8080-exec-5] INFO  c.e.b.config.security.JwtService - Token válido para el usuario [admin@admin.com]
2025-08-28 00:00:46 [http-nio-8080-exec-7] INFO  c.e.b.c.s.i.GetAllCategories - ✓ [GetAllCategories] Se recuperaron 6 categorías
2025-08-28 00:00:46 [http-nio-8080-exec-7] INFO  c.e.b.c.service.CategoryService - Se recuperaron 6 categorías
2025-08-28 00:00:46 [http-nio-8080-exec-7] INFO  c.e.b.c.c.c.CategoryController - Se recuperaron 6 categorías
2025-08-28 00:00:46 [http-nio-8080-exec-5] INFO  c.e.b.u.c.controllers.AuthController - Obteniendo sesión actual
2025-08-28 00:00:46 [http-nio-8080-exec-7] INFO  c.e.b.s.logging.RequestLoggingFilter - [GET] /api/categories/getAll -> 200 (9 ms)
2025-08-28 00:00:46 [http-nio-8080-exec-5] INFO  c.e.b.u.s.implement.GetUserSession - Sesión válida encontrada. Usuario autenticado: id=3, email=admin@admin.com
2025-08-28 00:00:46 [http-nio-8080-exec-5] INFO  c.e.b.u.c.controllers.AuthController - Sesión obtenida para usuario: admin@admin.com
2025-08-28 00:00:46 [http-nio-8080-exec-5] INFO  c.e.b.s.logging.RequestLoggingFilter - [GET] /auth/me -> 200 (15 ms)
2025-08-28 00:00:46 [http-nio-8080-exec-1] INFO  c.e.b.p.service.ProviderService - ✓ [ProviderService] Recuperados 5 prestadores | página=0 de 3 | totalElements=13
2025-08-28 00:00:46 [http-nio-8080-exec-1] INFO  c.e.b.p.c.c.ProviderController - ✓ [ProviderController] Se recuperaron 5 proveedores en la página 0 de 3 (total elementos=13)
2025-08-28 00:00:46 [http-nio-8080-exec-2] INFO  c.e.b.config.security.JwtService - Token válido para el usuario [admin@admin.com]
2025-08-28 00:00:46 [http-nio-8080-exec-2] INFO  c.e.b.c.c.c.CategoryController - Petición recibida para listar todas las categorías
2025-08-28 00:00:46 [http-nio-8080-exec-2] INFO  c.e.b.c.service.CategoryService - Recuperando todas las categorías...
2025-08-28 00:00:46 [http-nio-8080-exec-2] INFO  c.e.b.c.s.i.GetAllCategories - → [GetAllCategories] Solicitud para obtener todas las categorías ordenadas por nombre
2025-08-28 00:00:46 [http-nio-8080-exec-1] INFO  c.e.b.s.logging.RequestLoggingFilter - [GET] /api/providers/paged -> 200 (54 ms)
2025-08-28 00:00:46 [http-nio-8080-exec-2] INFO  c.e.b.c.s.i.GetAllCategories - ✓ [GetAllCategories] Se recuperaron 6 categorías
2025-08-28 00:00:46 [http-nio-8080-exec-2] INFO  c.e.b.c.service.CategoryService - Se recuperaron 6 categorías
2025-08-28 00:00:46 [http-nio-8080-exec-2] INFO  c.e.b.c.c.c.CategoryController - Se recuperaron 6 categorías
2025-08-28 00:00:46 [http-nio-8080-exec-4] INFO  c.e.b.config.security.JwtService - Token válido para el usuario [admin@admin.com]
2025-08-28 00:00:46 [http-nio-8080-exec-8] INFO  c.e.b.p.c.c.ProviderController - → [ProviderController] Solicitud para listar proveedores paginados | page=0 | size=5
2025-08-28 00:00:46 [http-nio-8080-exec-8] INFO  c.e.b.p.service.ProviderService - → [ProviderService] Iniciando recuperación de prestadores | página=0 | size=5
2025-08-28 00:00:46 [http-nio-8080-exec-4] INFO  c.e.b.u.c.controllers.AuthController - Obteniendo sesión actual
2025-08-28 00:00:46 [http-nio-8080-exec-2] INFO  c.e.b.s.logging.RequestLoggingFilter - [GET] /api/categories/getAll -> 200 (10 ms)
2025-08-28 00:00:46 [http-nio-8080-exec-4] INFO  c.e.b.u.s.implement.GetUserSession - Sesión válida encontrada. Usuario autenticado: id=3, email=admin@admin.com
2025-08-28 00:00:46 [http-nio-8080-exec-4] INFO  c.e.b.u.c.controllers.AuthController - Sesión obtenida para usuario: admin@admin.com
2025-08-28 00:00:46 [http-nio-8080-exec-4] INFO  c.e.b.s.logging.RequestLoggingFilter - [GET] /auth/me -> 200 (13 ms)
2025-08-28 00:00:47 [http-nio-8080-exec-8] INFO  c.e.b.p.service.ProviderService - ✓ [ProviderService] Recuperados 5 prestadores | página=0 de 3 | totalElements=13
2025-08-28 00:00:47 [http-nio-8080-exec-8] INFO  c.e.b.p.c.c.ProviderController - ✓ [ProviderController] Se recuperaron 5 proveedores en la página 0 de 3 (total elementos=13)
2025-08-28 00:00:47 [http-nio-8080-exec-8] INFO  c.e.b.s.logging.RequestLoggingFilter - [GET] /api/providers/paged -> 200 (33 ms)
2025-08-28 00:00:47 [http-nio-8080-exec-9] INFO  c.e.b.p.c.c.ProviderController - → [ProviderController] Solicitud para listar proveedores paginados | page=0 | size=5
2025-08-28 00:00:47 [http-nio-8080-exec-9] INFO  c.e.b.p.service.ProviderService - → [ProviderService] Iniciando recuperación de prestadores | página=0 | size=5
2025-08-28 00:00:47 [http-nio-8080-exec-9] INFO  c.e.b.p.service.ProviderService - ✓ [ProviderService] Recuperados 5 prestadores | página=0 de 3 | totalElements=13
2025-08-28 00:00:47 [http-nio-8080-exec-9] INFO  c.e.b.p.c.c.ProviderController - ✓ [ProviderController] Se recuperaron 5 proveedores en la página 0 de 3 (total elementos=13)
2025-08-28 00:00:47 [http-nio-8080-exec-9] INFO  c.e.b.s.logging.RequestLoggingFilter - [GET] /api/providers/paged -> 200 (32 ms)
2025-08-28 00:01:22 [http-nio-8080-exec-6] INFO  c.e.b.p.c.c.ProviderController - → [ProviderController] Solicitud para listar todos los proveedores
2025-08-28 00:01:22 [http-nio-8080-exec-6] INFO  c.e.b.p.service.ProviderService - → [ProviderService] Solicitando listado de todos los proveedores
2025-08-28 00:01:22 [http-nio-8080-exec-6] INFO  c.e.b.p.s.i.GetAllProviderService - Iniciando proceso de obtención de todos los proveedores
2025-08-28 00:01:22 [http-nio-8080-exec-6] INFO  c.e.b.p.s.i.GetAllProviderService - Se obtuvieron 13 proveedores en total
2025-08-28 00:01:22 [http-nio-8080-exec-6] INFO  c.e.b.p.service.ProviderService - ✓ [ProviderService] Se recuperaron 13 proveedores
2025-08-28 00:01:22 [http-nio-8080-exec-6] INFO  c.e.b.p.c.c.ProviderController - ✓ [ProviderController] Se recuperaron 13 proveedores
2025-08-28 00:01:22 [http-nio-8080-exec-6] INFO  c.e.b.s.logging.RequestLoggingFilter - [GET] /api/providers/getAll -> 200 (47 ms)
2025-08-28 00:01:22 [http-nio-8080-exec-3] INFO  c.e.b.p.c.c.ProviderController - → [ProviderController] Búsqueda de proveedores por nombre='null' categoría='alba'
2025-08-28 00:01:22 [http-nio-8080-exec-3] INFO  c.e.b.p.s.i.SearchProvidersByNameOrCategoryService - Iniciando búsqueda de proveedores con parámetros -> nombre: null, categoría: alba
2025-08-28 00:01:22 [http-nio-8080-exec-3] INFO  c.e.b.p.s.i.SearchProvidersByNameOrCategoryService - Se encontraron 1 proveedores con los filtros aplicados
2025-08-28 00:01:22 [http-nio-8080-exec-3] INFO  c.e.b.p.c.c.ProviderController - ✓ [ProviderController] Se encontraron 1 proveedores para la búsqueda
2025-08-28 00:01:22 [http-nio-8080-exec-3] INFO  c.e.b.s.logging.RequestLoggingFilter - [GET] /api/providers/search -> 200 (14 ms)
2025-08-28 00:01:31 [http-nio-8080-exec-10] INFO  c.e.b.p.c.c.ProviderController - → [ProviderController] Solicitud para listar proveedores paginados | page=1 | size=5
2025-08-28 00:01:31 [http-nio-8080-exec-10] INFO  c.e.b.p.service.ProviderService - → [ProviderService] Iniciando recuperación de prestadores | página=1 | size=5
2025-08-28 00:01:31 [http-nio-8080-exec-10] INFO  c.e.b.p.service.ProviderService - ✓ [ProviderService] Recuperados 5 prestadores | página=1 de 3 | totalElements=13
2025-08-28 00:01:31 [http-nio-8080-exec-10] INFO  c.e.b.p.c.c.ProviderController - ✓ [ProviderController] Se recuperaron 5 proveedores en la página 1 de 3 (total elementos=13)
2025-08-28 00:01:31 [http-nio-8080-exec-10] INFO  c.e.b.s.logging.RequestLoggingFilter - [GET] /api/providers/paged -> 200 (30 ms)
2025-08-28 00:01:31 [http-nio-8080-exec-7] INFO  c.e.b.config.security.JwtService - Token válido para el usuario [admin@admin.com]
2025-08-28 00:01:31 [http-nio-8080-exec-5] INFO  c.e.b.config.security.JwtService - Token válido para el usuario [admin@admin.com]
2025-08-28 00:01:31 [http-nio-8080-exec-7] INFO  c.e.b.s.logging.RequestLoggingFilter - [GET] /uploads/proveedores/c4f2e8ea-6d56-400f-9b1f-92ce2567530e.jpg -> 200 (6 ms)
2025-08-28 00:01:31 [http-nio-8080-exec-5] INFO  c.e.b.s.logging.RequestLoggingFilter - [GET] /uploads/proveedores/ea3e7bb2-75d4-48b5-b219-fd802f035c4b.jpg -> 200 (6 ms)
2025-08-28 02:41:31 [http-nio-8080-exec-10] INFO  c.e.b.c.c.c.CategoryController - Petición recibida para listar todas las categorías
2025-08-28 02:41:31 [http-nio-8080-exec-10] INFO  c.e.b.c.service.CategoryService - Recuperando todas las categorías...
2025-08-28 02:41:31 [http-nio-8080-exec-10] INFO  c.e.b.c.s.i.GetAllCategories - → [GetAllCategories] Solicitud para obtener todas las categorías ordenadas por nombre
2025-08-28 02:41:31 [http-nio-8080-exec-10] INFO  c.e.b.c.s.i.GetAllCategories - ✓ [GetAllCategories] Se recuperaron 6 categorías
2025-08-28 02:41:31 [http-nio-8080-exec-10] INFO  c.e.b.c.service.CategoryService - Se recuperaron 6 categorías
2025-08-28 02:41:31 [http-nio-8080-exec-10] INFO  c.e.b.c.c.c.CategoryController - Se recuperaron 6 categorías
2025-08-28 02:41:31 [http-nio-8080-exec-7] INFO  c.e.b.p.c.c.ProviderController - → [ProviderController] Solicitud para listar proveedores paginados | page=0 | size=5
2025-08-28 02:41:31 [http-nio-8080-exec-7] INFO  c.e.b.p.service.ProviderService - → [ProviderService] Iniciando recuperación de prestadores | página=0 | size=5
2025-08-28 02:41:31 [http-nio-8080-exec-10] INFO  c.e.b.s.logging.RequestLoggingFilter - [GET] /api/categories/getAll -> 200 (7 ms)
2025-08-28 02:41:31 [http-nio-8080-exec-1] INFO  c.e.b.c.c.c.CategoryController - Petición recibida para listar todas las categorías
2025-08-28 02:41:31 [http-nio-8080-exec-1] INFO  c.e.b.c.service.CategoryService - Recuperando todas las categorías...
2025-08-28 02:41:31 [http-nio-8080-exec-1] INFO  c.e.b.c.s.i.GetAllCategories - → [GetAllCategories] Solicitud para obtener todas las categorías ordenadas por nombre
2025-08-28 02:41:31 [http-nio-8080-exec-1] INFO  c.e.b.c.s.i.GetAllCategories - ✓ [GetAllCategories] Se recuperaron 6 categorías
2025-08-28 02:41:31 [http-nio-8080-exec-1] INFO  c.e.b.c.service.CategoryService - Se recuperaron 6 categorías
2025-08-28 02:41:31 [http-nio-8080-exec-1] INFO  c.e.b.c.c.c.CategoryController - Se recuperaron 6 categorías
2025-08-28 02:41:31 [http-nio-8080-exec-1] INFO  c.e.b.s.logging.RequestLoggingFilter - [GET] /api/categories/getAll -> 200 (6 ms)
2025-08-28 02:41:31 [http-nio-8080-exec-7] INFO  c.e.b.p.service.ProviderService - ✓ [ProviderService] Recuperados 5 prestadores | página=0 de 3 | totalElements=13
2025-08-28 02:41:31 [http-nio-8080-exec-7] INFO  c.e.b.p.c.c.ProviderController - ✓ [ProviderController] Se recuperaron 5 proveedores en la página 0 de 3 (total elementos=13)
2025-08-28 02:41:31 [http-nio-8080-exec-7] INFO  c.e.b.s.logging.RequestLoggingFilter - [GET] /api/providers/paged -> 200 (25 ms)
2025-08-28 02:41:31 [http-nio-8080-exec-4] INFO  c.e.b.p.c.c.ProviderController - → [ProviderController] Solicitud para listar proveedores paginados | page=0 | size=5
2025-08-28 02:41:31 [http-nio-8080-exec-4] INFO  c.e.b.p.service.ProviderService - → [ProviderService] Iniciando recuperación de prestadores | página=0 | size=5
2025-08-28 02:41:31 [http-nio-8080-exec-4] INFO  c.e.b.p.service.ProviderService - ✓ [ProviderService] Recuperados 5 prestadores | página=0 de 3 | totalElements=13
2025-08-28 02:41:31 [http-nio-8080-exec-4] INFO  c.e.b.p.c.c.ProviderController - ✓ [ProviderController] Se recuperaron 5 proveedores en la página 0 de 3 (total elementos=13)
2025-08-28 02:41:31 [http-nio-8080-exec-4] INFO  c.e.b.s.logging.RequestLoggingFilter - [GET] /api/providers/paged -> 200 (24 ms)
2025-08-28 02:41:31 [http-nio-8080-exec-8] INFO  c.e.b.p.c.c.ProviderController - → [ProviderController] Solicitud para listar proveedores paginados | page=0 | size=5
2025-08-28 02:41:31 [http-nio-8080-exec-8] INFO  c.e.b.p.service.ProviderService - → [ProviderService] Iniciando recuperación de prestadores | página=0 | size=5
2025-08-28 02:41:31 [http-nio-8080-exec-8] INFO  c.e.b.p.service.ProviderService - ✓ [ProviderService] Recuperados 5 prestadores | página=0 de 3 | totalElements=13
2025-08-28 02:41:31 [http-nio-8080-exec-8] INFO  c.e.b.p.c.c.ProviderController - ✓ [ProviderController] Se recuperaron 5 proveedores en la página 0 de 3 (total elementos=13)
2025-08-28 02:41:31 [http-nio-8080-exec-8] INFO  c.e.b.s.logging.RequestLoggingFilter - [GET] /api/providers/paged -> 200 (29 ms)
2025-08-28 03:02:40 [HikariPool-1:housekeeper] WARN  com.zaxxer.hikari.pool.HikariPool - HikariPool-1 - Thread starvation or clock leap detected (housekeeper delta=3h25s81ms133µs600ns).
2025-08-28 11:16:12 [HikariPool-1:housekeeper] WARN  com.zaxxer.hikari.pool.HikariPool - HikariPool-1 - Thread starvation or clock leap detected (housekeeper delta=8h13m37s856ms917µs700ns).
2025-08-28 11:16:12 [HikariPool-1:housekeeper] WARN  com.zaxxer.hikari.pool.PoolBase - HikariPool-1 - Failed to validate connection com.mysql.cj.jdbc.ConnectionImpl@394d4e61 (No operations allowed after connection closed.). Possibly consider using a shorter maxLifetime value.
2025-08-28 11:16:12 [HikariPool-1:housekeeper] WARN  com.zaxxer.hikari.pool.PoolBase - HikariPool-1 - Failed to validate connection com.mysql.cj.jdbc.ConnectionImpl@6930277e (No operations allowed after connection closed.). Possibly consider using a shorter maxLifetime value.
2025-08-28 11:16:12 [HikariPool-1:housekeeper] WARN  com.zaxxer.hikari.pool.PoolBase - HikariPool-1 - Failed to validate connection com.mysql.cj.jdbc.ConnectionImpl@3043fc5d (No operations allowed after connection closed.). Possibly consider using a shorter maxLifetime value.
2025-08-28 11:16:12 [HikariPool-1:housekeeper] WARN  com.zaxxer.hikari.pool.PoolBase - HikariPool-1 - Failed to validate connection com.mysql.cj.jdbc.ConnectionImpl@632e9272 (No operations allowed after connection closed.). Possibly consider using a shorter maxLifetime value.
2025-08-28 11:16:12 [HikariPool-1:housekeeper] WARN  com.zaxxer.hikari.pool.PoolBase - HikariPool-1 - Failed to validate connection com.mysql.cj.jdbc.ConnectionImpl@7bd99808 (No operations allowed after connection closed.). Possibly consider using a shorter maxLifetime value.
2025-08-28 11:16:12 [HikariPool-1:housekeeper] WARN  com.zaxxer.hikari.pool.PoolBase - HikariPool-1 - Failed to validate connection com.mysql.cj.jdbc.ConnectionImpl@13ba4bda (No operations allowed after connection closed.). Possibly consider using a shorter maxLifetime value.
2025-08-28 11:16:12 [HikariPool-1:housekeeper] WARN  com.zaxxer.hikari.pool.PoolBase - HikariPool-1 - Failed to validate connection com.mysql.cj.jdbc.ConnectionImpl@3cb4fce4 (No operations allowed after connection closed.). Possibly consider using a shorter maxLifetime value.
2025-08-28 11:16:12 [HikariPool-1:housekeeper] WARN  com.zaxxer.hikari.pool.PoolBase - HikariPool-1 - Failed to validate connection com.mysql.cj.jdbc.ConnectionImpl@2b9e5402 (No operations allowed after connection closed.). Possibly consider using a shorter maxLifetime value.
2025-08-28 11:16:12 [HikariPool-1:housekeeper] WARN  com.zaxxer.hikari.pool.PoolBase - HikariPool-1 - Failed to validate connection com.mysql.cj.jdbc.ConnectionImpl@1c3090a1 (No operations allowed after connection closed.). Possibly consider using a shorter maxLifetime value.
2025-08-28 11:16:12 [HikariPool-1:housekeeper] WARN  com.zaxxer.hikari.pool.PoolBase - HikariPool-1 - Failed to validate connection com.mysql.cj.jdbc.ConnectionImpl@5d15fc66 (No operations allowed after connection closed.). Possibly consider using a shorter maxLifetime value.
2025-08-28 11:18:33 [SpringApplicationShutdownHook] INFO  o.s.b.w.e.tomcat.GracefulShutdown - Commencing graceful shutdown. Waiting for active requests to complete
2025-08-28 11:18:34 [tomcat-shutdown] INFO  o.s.b.w.e.tomcat.GracefulShutdown - Graceful shutdown complete
2025-08-28 11:18:34 [SpringApplicationShutdownHook] INFO  o.s.o.j.LocalContainerEntityManagerFactoryBean - Closing JPA EntityManagerFactory for persistence unit 'default'
2025-08-28 11:18:34 [SpringApplicationShutdownHook] INFO  com.zaxxer.hikari.HikariDataSource - HikariPool-1 - Shutdown initiated...
2025-08-28 11:18:34 [SpringApplicationShutdownHook] INFO  com.zaxxer.hikari.HikariDataSource - HikariPool-1 - Shutdown completed.
